5:5
12 24 8 8 4
33 22 10 8 3
-21 24 4 7 5
0 0 0 0 0
-6 10 2 3 2
